Microchip MPLAB XC8 Compiler V2.50

Linker command line:

-W-3 \
  --edf=C:/Program Files/Microchip/MPLABX/v6.25/packs/Microchip/PIC16F1xxxx_DFP/1.26.410/xc8\pic\dat\20250122140635_en.msgs \
  -cn -h+dist/default/production\PMotor1.X.production.sym \
  --cmf=dist/default/production\PMotor1.X.production.cmf -z -Q16F18426 \
  -oC:\Users\JUANPA~1\AppData\Local\Temp\xcAsu80.\driver_tmp_3.o \
  --defsym=__MPLAB_BUILD=1 --fixupoverflow=error \
  -Mdist/default/production/PMotor1.X.production.map \
  --md=C:\Users\JUANPA~1\AppData\Local\Temp\xcAsu80.\driver_tmp_0.dat -E1 \
  -ver=XC8 Compiler --acfsm=1493 -ACODE=00h-07FFhx8 -ASTRCODE=00h-03FFFh \
  -ASTRING=00h-0FFhx64 -ACONST=00h-0FFhx64 -AENTRY=00h-0FFhx64 \
  -ACOMMON=070h-07Fh -ABANK0=020h-06Fh -ABANK1=0A0h-0EFh \
  -ABANK2=0120h-016Fh -ABANK3=01A0h-01EFh -ABANK4=0220h-026Fh \
  -ABANK5=02A0h-02EFh -ABANK6=0320h-036Fh -ABANK7=03A0h-03EFh \
  -ABANK8=0420h-046Fh -ABANK9=04A0h-04EFh -ABANK10=0520h-056Fh \
  -ABANK11=05A0h-05EFh -ABANK12=0620h-066Fh -ABANK13=06A0h-06EFh \
  -ABANK14=0720h-076Fh -ABANK15=07A0h-07EFh -ABANK16=0820h-086Fh \
  -ABANK17=08A0h-08EFh -ABANK18=0920h-096Fh -ABANK19=09A0h-09EFh \
  -ABANK20=0A20h-0A6Fh -ABANK21=0AA0h-0AEFh -ABANK22=0B20h-0B6Fh \
  -ABANK23=0BA0h-0BEFh -ABANK24=0C20h-0C6Fh -ABANK25=0CA0h-0CBFh \
  -ABIGRAM=02000h-027EFh \
  -ARAM=020h-06Fh,0A0h-0EFh,0120h-016Fh,01A0h-01EFh,0220h-026Fh,02A0h-02EFh,0320h-036Fh,03A0h-03EFh,0420h-046Fh,04A0h-04EFh,0520h-056Fh,05A0h-05EFh,0620h-066Fh,06A0h-06EFh,0720h-076Fh,07A0h-07EFh,0820h-086Fh,08A0h-08EFh,0920h-096Fh,09A0h-09EFh,0A20h-0A6Fh,0AA0h-0AEFh,0B20h-0B6Fh,0BA0h-0BEFh,0C20h-0C6Fh,0CA0h-0CBFh \
  -AABS1=020h-07Fh,0A0h-0EFh,0120h-016Fh,01A0h-01EFh,0220h-026Fh,02A0h-02EFh,0320h-036Fh,03A0h-03EFh,0420h-046Fh,04A0h-04EFh,0520h-056Fh,05A0h-05EFh,0620h-066Fh,06A0h-06EFh,0720h-076Fh,07A0h-07EFh,0820h-086Fh,08A0h-08EFh,0920h-096Fh,09A0h-09EFh,0A20h-0A6Fh,0AA0h-0AEFh,0B20h-0B6Fh,0BA0h-0BEFh,0C20h-0C6Fh,0CA0h-0CBFh \
  -ASFR0=00h-01Fh -ASFR1=080h-09Fh -ASFR2=0100h-011Fh -ASFR3=0180h-019Fh \
  -ASFR4=0200h-021Fh -ASFR5=0280h-029Fh -ASFR6=0300h-031Fh \
  -ASFR7=0380h-039Fh -ASFR8=0400h-041Fh -ASFR9=0480h-049Fh \
  -ASFR10=0500h-051Fh -ASFR11=0580h-059Fh -ASFR12=0600h-061Fh \
  -ASFR13=0680h-069Fh -ASFR14=0700h-071Fh -ASFR15=0780h-079Fh \
  -ASFR16=0800h-081Fh -ASFR17=0880h-089Fh -ASFR18=0900h-091Fh \
  -ASFR19=0980h-099Fh -ASFR20=0A00h-0A1Fh -ASFR21=0A80h-0A9Fh \
  -ASFR22=0B00h-0B1Fh -ASFR23=0B80h-0B9Fh -ASFR24=0C00h-0C1Fh \
  -ASFR25=0C80h-0C9Fh -ASFR26=0D00h-0D6Fh -ASFR27=0D80h-0DEFh \
  -ASFR28=0E00h-0E6Fh -ASFR29=0E80h-0EEFh -ASFR30=0F00h-0F6Fh \
  -ASFR31=0F80h-0FEFh -ASFR32=01000h-0106Fh -ASFR33=01080h-010EFh \
  -ASFR34=01100h-0116Fh -ASFR35=01180h-011EFh -ASFR36=01200h-0126Fh \
  -ASFR37=01280h-012EFh -ASFR38=01300h-0136Fh -ASFR39=01380h-013EFh \
  -ASFR40=01400h-0146Fh -ASFR41=01480h-014EFh -ASFR42=01500h-0156Fh \
  -ASFR43=01580h-015EFh -ASFR44=01600h-0166Fh -ASFR45=01680h-016EFh \
  -ASFR46=01700h-0176Fh -ASFR47=01780h-017EFh -ASFR48=01800h-0186Fh \
  -ASFR49=01880h-018EFh -ASFR50=01900h-0196Fh -ASFR51=01980h-019EFh \
  -ASFR52=01A00h-01A6Fh -ASFR53=01A80h-01AEFh -ASFR54=01B00h-01B6Fh \
  -ASFR55=01B80h-01BEFh -ASFR56=01C00h-01C6Fh -ASFR57=01C80h-01CEFh \
  -ASFR58=01D00h-01D6Fh -ASFR59=01D80h-01DEFh -ASFR60=01E00h-01E6Fh \
  -ASFR61=01E80h-01EEFh -ASFR62=01F00h-01F6Fh -ASFR63=01F80h-01FEFh \
  -ACONFIG=08007h-0800Bh -DCONFIG=2 -AIDLOC=08000h-08003h -DIDLOC=2 \
  -AEEDATA=00h-0FFh/0F000h -peeprom_data=EEDATA -DEEDATA=2 -DCODE=2 \
  -DSTRCODE=2 -DSTRING=2 -DCONST=2 -DENTRY=2 \
  -preset_vec=00h,intentry=04h,sivt,init,end_init -ppowerup=CODE \
  -pcinit=CODE -pfunctab=ENTRY -k \
  C:\Users\JUANPA~1\AppData\Local\Temp\xcAsu80.\driver_tmp_15.o \
  dist/default/production\PMotor1.X.production.o 

Object code version is 3.11

Machine type is 16F18426



                Name                               Link     Load   Length Selector   Space Scale
C:\Users\JUANPA~1\AppData\Local\Temp\xcAsu80.\driver_tmp_15.o
                end_init                             45       45        2        8       0
                reset_vec                             0        0        2        0       0
                config                             8007     8007        5        0       4
dist/default/production\PMotor1.X.production.o
                cinit                                47       47        E        8       0
                intentry                              4        4       41        8       0
                config                             8007     8007        5        0       4
                text27                              498      498        1        8       0
                text26                              438      438        F        8       0
                text25                              497      497        1        8       0
                text24                              429      429        F        8       0
                text23                              418      418       11        8       0
                text22                              350      350       30        8       0
                text21                              17B      17B       82        8       0
                text20                              26E      26E       71        8       0
                text19                              2DF      2DF       3F        8       0
                text17                              492      492        5        8       0
                text16                               F9       F9       82        8       0
                text15                              1FD      1FD       71        8       0
                text14                              3A0      3A0       1D        8       0
                text13                              380      380       20        8       0
                text12                               55       55       A4        8       0
                text11                              447      447        E        8       0
                text10                              483      483        9        8       0
                text9                               47A      47A        9        8       0
                text8                               471      471        9        8       0
                text7                               31E      31E       32        8       0
                text6                               455      455        A        8       0
                text5                               468      468        9        8       0
                text4                               3EF      3EF       16        8       0
                text3                               45F      45F        9        8       0
                text2                               3D8      3D8       17        8       0
                text1                               405      405       13        8       0
                maintext                            3BD      3BD       1B        8       0
                cstackBANK0                          20       20       1C       20       1
                cstackCOMMON                         70       70        C       70       1
                cstackBANK1                          A0       A0       31       A0       1
                clrtext                             48C      48C        6        8       0
                bssBANK0                             3C       3C       15       20       1
                bssCOMMON                            7C       7C        2       70       1
                nvBANK0                              51       51        8       20       1

TOTAL           Name                               Link     Load   Length     Space
        CLASS   CODE           
                end_init                             45       45        2         0
                cinit                                47       47        E         0
                intentry                              4        4       41         0
                reset_vec                             0        0        2         0
                text27                              498      498        1         0
                text26                              438      438        F         0
                text25                              497      497        1         0
                text24                              429      429        F         0
                text23                              418      418       11         0
                text22                              350      350       30         0
                text21                              17B      17B       82         0
                text20                              26E      26E       71         0
                text19                              2DF      2DF       3F         0
                text17                              492      492        5         0
                text16                               F9       F9       82         0
                text15                              1FD      1FD       71         0
                text14                              3A0      3A0       1D         0
                text13                              380      380       20         0
                text12                               55       55       A4         0
                text11                              447      447        E         0
                text10                              483      483        9         0
                text9                               47A      47A        9         0
                text8                               471      471        9         0
                text7                               31E      31E       32         0
                text6                               455      455        A         0
                text5                               468      468        9         0
                text4                               3EF      3EF       16         0
                text3                               45F      45F        9         0
                text2                               3D8      3D8       17         0
                text1                               405      405       13         0
                maintext                            3BD      3BD       1B         0
                clrtext                             48C      48C        6         0

        CLASS   STRCODE        

        CLASS   STRING         

        CLASS   CONST          

        CLASS   ENTRY          

        CLASS   COMMON         
                cstackCOMMON                         70       70        C         1
                bssCOMMON                            7C       7C        2         1

        CLASS   BANK0          
                cstackBANK0                          20       20       1C         1
                bssBANK0                             3C       3C       15         1
                nvBANK0                              51       51        8         1

        CLASS   BANK1          
                cstackBANK1                          A0       A0       31         1

        CLASS   BANK2          

        CLASS   BANK3          

        CLASS   BANK4          

        CLASS   BANK5          

        CLASS   BANK6          

        CLASS   BANK7          

        CLASS   BANK8          

        CLASS   BANK9          

        CLASS   BANK10         

        CLASS   BANK11         

        CLASS   BANK12         

        CLASS   BANK13         

        CLASS   BANK14         

        CLASS   BANK15         

        CLASS   BANK16         

        CLASS   BANK17         

        CLASS   BANK18         

        CLASS   BANK19         

        CLASS   BANK20         

        CLASS   BANK21         

        CLASS   BANK22         

        CLASS   BANK23         

        CLASS   BANK24         

        CLASS   BANK25         

        CLASS   BIGRAM         

        CLASS   RAM            

        CLASS   ABS1           
                abs_s1                               7E       7E        2         1

        CLASS   SFR0           

        CLASS   SFR1           

        CLASS   SFR2           

        CLASS   SFR3           

        CLASS   SFR4           

        CLASS   SFR5           

        CLASS   SFR6           

        CLASS   SFR7           

        CLASS   SFR8           

        CLASS   SFR9           

        CLASS   SFR10          

        CLASS   SFR11          

        CLASS   SFR12          

        CLASS   SFR13          

        CLASS   SFR14          

        CLASS   SFR15          

        CLASS   SFR16          

        CLASS   SFR17          

        CLASS   SFR18          

        CLASS   SFR19          

        CLASS   SFR20          

        CLASS   SFR21          

        CLASS   SFR22          

        CLASS   SFR23          

        CLASS   SFR24          

        CLASS   SFR25          

        CLASS   SFR26          

        CLASS   SFR27          

        CLASS   SFR28          

        CLASS   SFR29          

        CLASS   SFR30          

        CLASS   SFR31          

        CLASS   SFR32          

        CLASS   SFR33          

        CLASS   SFR34          

        CLASS   SFR35          

        CLASS   SFR36          

        CLASS   SFR37          

        CLASS   SFR38          

        CLASS   SFR39          

        CLASS   SFR40          

        CLASS   SFR41          

        CLASS   SFR42          

        CLASS   SFR43          

        CLASS   SFR44          

        CLASS   SFR45          

        CLASS   SFR46          

        CLASS   SFR47          

        CLASS   SFR48          

        CLASS   SFR49          

        CLASS   SFR50          

        CLASS   SFR51          

        CLASS   SFR52          

        CLASS   SFR53          

        CLASS   SFR54          

        CLASS   SFR55          

        CLASS   SFR56          

        CLASS   SFR57          

        CLASS   SFR58          

        CLASS   SFR59          

        CLASS   SFR60          

        CLASS   SFR61          

        CLASS   SFR62          

        CLASS   SFR63          

        CLASS   CONFIG         
                config                             8007     8007        5         4

        CLASS   IDLOC          

        CLASS   EEDATA         

        CLASS   BANK63         

        CLASS   BANK62         

        CLASS   BANK61         

        CLASS   BANK60         

        CLASS   BANK59         

        CLASS   BANK58         

        CLASS   BANK57         

        CLASS   BANK56         

        CLASS   BANK55         

        CLASS   BANK54         

        CLASS   BANK53         

        CLASS   BANK52         

        CLASS   BANK51         

        CLASS   BANK50         

        CLASS   BANK49         

        CLASS   BANK48         

        CLASS   BANK47         

        CLASS   BANK46         

        CLASS   BANK45         

        CLASS   BANK44         

        CLASS   BANK43         

        CLASS   BANK42         

        CLASS   BANK41         

        CLASS   BANK40         

        CLASS   BANK39         

        CLASS   BANK38         

        CLASS   BANK37         

        CLASS   BANK36         

        CLASS   BANK35         

        CLASS   BANK34         

        CLASS   BANK33         

        CLASS   BANK32         

        CLASS   BANK31         

        CLASS   BANK30         

        CLASS   BANK29         

        CLASS   BANK28         

        CLASS   BANK27         

        CLASS   BANK26         

        CLASS   HEAP           

        CLASS   STACK          



SEGMENTS        Name                           Load    Length   Top    Selector   Space  Class     Delta

                reset_vec                      000000  000002  000002         0       0  CODE        2
                intentry                       000004  000495  000499         8       0  CODE        2
                cstackBANK0                    000020  000039  000059        20       1  BANK0       1
                cstackCOMMON                   000070  00000E  00007E        70       1  COMMON      1
                cstackBANK1                    0000A0  000031  0000D1        A0       1  BANK1       1


UNUSED ADDRESS RANGES

        Name                Unused          Largest block    Delta
        BANK0            00059-0006F              17           1
        BANK1            000D1-000EF              1F           1
        BANK10           00520-0056F              50           1
        BANK11           005A0-005EF              50           1
        BANK12           00620-0066F              50           1
        BANK13           006A0-006EF              50           1
        BANK14           00720-0076F              50           1
        BANK15           007A0-007EF              50           1
        BANK16           00820-0086F              50           1
        BANK17           008A0-008EF              50           1
        BANK18           00920-0096F              50           1
        BANK19           009A0-009EF              50           1
        BANK2            00120-0016F              50           1
        BANK20           00A20-00A6F              50           1
        BANK21           00AA0-00AEF              50           1
        BANK22           00B20-00B6F              50           1
        BANK23           00BA0-00BEF              50           1
        BANK24           00C20-00C6F              50           1
        BANK25           00CA0-00CBF              20           1
        BANK3            001A0-001EF              50           1
        BANK4            00220-0026F              50           1
        BANK5            002A0-002EF              50           1
        BANK6            00320-0036F              50           1
        BANK7            003A0-003EF              50           1
        BANK8            00420-0046F              50           1
        BANK9            004A0-004EF              50           1
        BIGRAM           02000-027EF             7F0           1
        CODE             00002-00003               2           2
                         00499-03FFF             800
        CONST            00002-00003               2           2
                         00499-03FFF             100
        EEDATA           0F000-0F0FF             100           2
        ENTRY            00002-00003               2           2
                         00499-03FFF             100
        IDLOC            08000-08003               4           2
        RAM              00059-0006F              17           1
                         000D1-000EF              1F
                         00120-0016F              50
                         001A0-001EF              50
                         00220-0026F              50
                         002A0-002EF              50
                         00320-0036F              50
                         003A0-003EF              50
                         00420-0046F              50
                         004A0-004EF              50
                         00520-0056F              50
                         005A0-005EF              50
                         00620-0066F              50
                         006A0-006EF              50
                         00720-0076F              50
                         007A0-007EF              50
                         00820-0086F              50
                         008A0-008EF              50
                         00920-0096F              50
                         009A0-009EF              50
                         00A20-00A6F              50
                         00AA0-00AEF              50
                         00B20-00B6F              50
                         00BA0-00BEF              50
                         00C20-00C6F              50
                         00CA0-00CBF              20
        SFR0             00000-0001F              20           1
        SFR1             00080-0009F              20           1
        SFR10            00500-0051F              20           1
        SFR11            00580-0059F              20           1
        SFR12            00600-0061F              20           1
        SFR13            00680-0069F              20           1
        SFR14            00700-0071F              20           1
        SFR15            00780-0079F              20           1
        SFR16            00800-0081F              20           1
        SFR17            00880-0089F              20           1
        SFR18            00900-0091F              20           1
        SFR19            00980-0099F              20           1
        SFR2             00100-0011F              20           1
        SFR20            00A00-00A1F              20           1
        SFR21            00A80-00A9F              20           1
        SFR22            00B00-00B1F              20           1
        SFR23            00B80-00B9F              20           1
        SFR24            00C00-00C1F              20           1
        SFR25            00C80-00C9F              20           1
        SFR26            00D00-00D6F              70           1
        SFR27            00D80-00DEF              70           1
        SFR28            00E00-00E6F              70           1
        SFR29            00E80-00EEF              70           1
        SFR3             00180-0019F              20           1
        SFR30            00F00-00F6F              70           1
        SFR31            00F80-00FEF              70           1
        SFR32            01000-0106F              70           1
        SFR33            01080-010EF              70           1
        SFR34            01100-0116F              70           1
        SFR35            01180-011EF              70           1
        SFR36            01200-0126F              70           1
        SFR37            01280-012EF              70           1
        SFR38            01300-0136F              70           1
        SFR39            01380-013EF              70           1
        SFR4             00200-0021F              20           1
        SFR40            01400-0146F              70           1
        SFR41            01480-014EF              70           1
        SFR42            01500-0156F              70           1
        SFR43            01580-015EF              70           1
        SFR44            01600-0166F              70           1
        SFR45            01680-016EF              70           1
        SFR46            01700-0176F              70           1
        SFR47            01780-017EF              70           1
        SFR48            01800-0186F              70           1
        SFR49            01880-018EF              70           1
        SFR5             00280-0029F              20           1
        SFR50            01900-0196F              70           1
        SFR51            01980-019EF              70           1
        SFR52            01A00-01A6F              70           1
        SFR53            01A80-01AEF              70           1
        SFR54            01B00-01B6F              70           1
        SFR55            01B80-01BEF              70           1
        SFR56            01C00-01C6F              70           1
        SFR57            01C80-01CEF              70           1
        SFR58            01D00-01D6F              70           1
        SFR59            01D80-01DEF              70           1
        SFR6             00300-0031F              20           1
        SFR60            01E00-01E6F              70           1
        SFR61            01E80-01EEF              70           1
        SFR62            01F00-01F6F              70           1
        SFR63            01F80-01FEF              70           1
        SFR7             00380-0039F              20           1
        SFR8             00400-0041F              20           1
        SFR9             00480-0049F              20           1
        STRCODE          00002-00003               2           2
                         00499-03FFF            3B67
        STRING           00002-00003               2           2
                         00499-03FFF             100

                                  Symbol Table

?___lodiv                                   cstackBANK1  000A0
?___wmul                                    cstackBANK1  000A0
?i1___lodiv                                 cstackBANK0  00020
GoTo@pos                                    cstackBANK1  000CA
IOCAF4_SetInterruptHandler@InterruptHandler cstackBANK1  000A0
IOCAF5_SetInterruptHandler@InterruptHandler cstackBANK1  000A0
SetFrequency@freq                           cstackBANK1  000BA
SetFrequency@inc                            cstackBANK1  000C4
SetVelocity@velocity                        cstackBANK1  000C8
TMR2_SetInterruptHandler@InterruptHandler   cstackBANK1  000A0
TMR6_SetInterruptHandler@InterruptHandler   cstackBANK1  000A0
_ANSELA                                     (abs)        01F38
_ANSELC                                     (abs)        01F4E
_GetStatus                                  text17       00492
_GoTo                                       text12       00055
_GoToFlag                                   bssCOMMON    0007C
_INLVLA                                     (abs)        01F3C
_INLVLC                                     (abs)        01F52
_INTCONbits                                 (abs)        0000B
_INTERRUPT_InterruptManager                 intentry     00004
_IOCAF4_DefaultInterruptHandler             text27       00498
_IOCAF4_ISR                                 text26       00438
_IOCAF4_InterruptHandler                    nvBANK0      00055
_IOCAF4_SetInterruptHandler                 text9        0047A
_IOCAF5_DefaultInterruptHandler             text25       00497
_IOCAF5_ISR                                 text24       00429
_IOCAF5_InterruptHandler                    nvBANK0      00053
_IOCAF5_SetInterruptHandler                 text8        00471
_IOCAFbits                                  (abs)        01F3F
_IOCANbits                                  (abs)        01F3E
_IOCAPbits                                  (abs)        01F3D
_LATA                                       (abs)        00018
_LATC                                       (abs)        0001A
_LATCbits                                   (abs)        0001A
_NCO1ACCH                                   (abs)        0058D
_NCO1ACCL                                   (abs)        0058C
_NCO1ACCU                                   (abs)        0058E
_NCO1CLK                                    (abs)        00593
_NCO1CON                                    (abs)        00592
_NCO1CONbits                                (abs)        00592
_NCO1INCH                                   (abs)        00590
_NCO1INCL                                   (abs)        0058F
_NCO1INCU                                   (abs)        00591
_NCO1_Initialize                            text11       00447
_ODCONA                                     (abs)        01F3A
_ODCONC                                     (abs)        01F50
_OSCCON1                                    (abs)        0088D
_OSCCON3                                    (abs)        0088F
_OSCEN                                      (abs)        00891
_OSCFRQ                                     (abs)        00893
_OSCILLATOR_Initialize                      text10       00483
_OSCTUNE                                    (abs)        00892
_PIE0bits                                   (abs)        00716
_PIE4bits                                   (abs)        0071A
_PIN_MANAGER_IOC                            text23       00418
_PIN_MANAGER_Initialize                     text7        0031E
_PIR0bits                                   (abs)        0070C
_PIR4bits                                   (abs)        00710
_PMD0                                       (abs)        00796
_PMD1                                       (abs)        00797
_PMD2                                       (abs)        00798
_PMD3                                       (abs)        00799
_PMD4                                       (abs)        0079A
_PMD5                                       (abs)        0079B
_PMD6                                       (abs)        0079C
_PMD7                                       (abs)        0079D
_PMD_Initialize                             text6        00455
_PORTAbits                                  (abs)        0000C
_PORTCbits                                  (abs)        0000E
_PR2                                        (abs)        0028D
_PR6                                        (abs)        00299
_PulseCount                                 bssBANK0     00048
_PulseEnable                                bssCOMMON    0007D
_ReqStep                                    bssBANK0     0004C
_SLRCONA                                    (abs)        01F3B
_SLRCONC                                    (abs)        01F51
_SYSTEM_Initialize                          text1        00405
_SetFrequency                               text15       001FD
_SetVelocity                                text14       003A0
_T2CLKCON                                   (abs)        00290
_T2CON                                      (abs)        0028E
_T2CONbits                                  (abs)        0028E
_T2HLT                                      (abs)        0028F
_T2HLTbits                                  (abs)        0028F
_T2PR                                       (abs)        0028D
_T2RST                                      (abs)        00291
_T2RSTbits                                  (abs)        00291
_T2TMR                                      (abs)        0028C
_T6CLKCON                                   (abs)        0029C
_T6CON                                      (abs)        0029A
_T6CONbits                                  (abs)        0029A
_T6HLT                                      (abs)        0029B
_T6HLTbits                                  (abs)        0029B
_T6PR                                       (abs)        00299
_T6RST                                      (abs)        0029D
_T6RSTbits                                  (abs)        0029D
_T6TMR                                      (abs)        00298
_TMR2                                       (abs)        0028C
_TMR2_DefaultInterruptHandler               (abs)        00000
_TMR2_ISR                                   text22       00350
_TMR2_Initialize                            text4        003EF
_TMR2_InterruptHandler                      nvBANK0      00057
_TMR2_SetInterruptHandler                   text5        00468
_TMR6                                       (abs)        00298
_TMR6_DefaultInterruptHandler               (abs)        00000
_TMR6_ISR                                   text19       002DF
_TMR6_Initialize                            text2        003D8
_TMR6_InterruptHandler                      nvBANK0      00051
_TMR6_SetInterruptHandler                   text3        0045F
_TRISA                                      (abs)        00012
_TRISC                                      (abs)        00014
_TrueCount                                  bssBANK0     00044
_WPUA                                       (abs)        01F39
_WPUC                                       (abs)        01F4F
__H__absolute__                             __absolute__ 00000
__Habs1                                     abs1         00000
__Hbank0                                    bank0        00000
__Hbank1                                    bank1        00000
__Hbank10                                   bank10       00000
__Hbank11                                   bank11       00000
__Hbank12                                   bank12       00000
__Hbank13                                   bank13       00000
__Hbank14                                   bank14       00000
__Hbank15                                   bank15       00000
__Hbank16                                   bank16       00000
__Hbank17                                   bank17       00000
__Hbank18                                   bank18       00000
__Hbank19                                   bank19       00000
__Hbank2                                    bank2        00000
__Hbank20                                   bank20       00000
__Hbank21                                   bank21       00000
__Hbank22                                   bank22       00000
__Hbank23                                   bank23       00000
__Hbank24                                   bank24       00000
__Hbank25                                   bank25       00000
__Hbank26                                   bank26       00000
__Hbank27                                   bank27       00000
__Hbank28                                   bank28       00000
__Hbank29                                   bank29       00000
__Hbank3                                    bank3        00000
__Hbank30                                   bank30       00000
__Hbank31                                   bank31       00000
__Hbank32                                   bank32       00000
__Hbank33                                   bank33       00000
__Hbank34                                   bank34       00000
__Hbank35                                   bank35       00000
__Hbank36                                   bank36       00000
__Hbank37                                   bank37       00000
__Hbank38                                   bank38       00000
__Hbank39                                   bank39       00000
__Hbank4                                    bank4        00000
__Hbank40                                   bank40       00000
__Hbank41                                   bank41       00000
__Hbank42                                   bank42       00000
__Hbank43                                   bank43       00000
__Hbank44                                   bank44       00000
__Hbank45                                   bank45       00000
__Hbank46                                   bank46       00000
__Hbank47                                   bank47       00000
__Hbank48                                   bank48       00000
__Hbank49                                   bank49       00000
__Hbank5                                    bank5        00000
__Hbank50                                   bank50       00000
__Hbank51                                   bank51       00000
__Hbank52                                   bank52       00000
__Hbank53                                   bank53       00000
__Hbank54                                   bank54       00000
__Hbank55                                   bank55       00000
__Hbank56                                   bank56       00000
__Hbank57                                   bank57       00000
__Hbank58                                   bank58       00000
__Hbank59                                   bank59       00000
__Hbank6                                    bank6        00000
__Hbank60                                   bank60       00000
__Hbank61                                   bank61       00000
__Hbank62                                   bank62       00000
__Hbank63                                   bank63       00000
__Hbank7                                    bank7        00000
__Hbank8                                    bank8        00000
__Hbank9                                    bank9        00000
__Hbigram                                   bigram       00000
__HbssBANK0                                 bssBANK0     00000
__HbssCOMMON                                bssCOMMON    00000
__Hcinit                                    cinit        00055
__Hclrtext                                  clrtext      00000
__Hcode                                     code         00000
__Hcommon                                   common       00000
__Hconfig                                   config       0800C
__HcstackBANK0                              cstackBANK0  00000
__HcstackBANK1                              cstackBANK1  00000
__HcstackCOMMON                             cstackCOMMON 00000
__Heeprom_data                              eeprom_data  00000
__Hend_init                                 end_init     00047
__Hfunctab                                  functab      00000
__Hheap                                     heap         00000
__Hinit                                     init         00045
__Hintentry                                 intentry     00045
__Hmaintext                                 maintext     00000
__HnvBANK0                                  nvBANK0      00000
__Hpowerup                                  powerup      00000
__Hram                                      ram          00000
__Hreset_vec                                reset_vec    00002
__Hsfr0                                     sfr0         00000
__Hsfr1                                     sfr1         00000
__Hsfr10                                    sfr10        00000
__Hsfr11                                    sfr11        00000
__Hsfr12                                    sfr12        00000
__Hsfr13                                    sfr13        00000
__Hsfr14                                    sfr14        00000
__Hsfr15                                    sfr15        00000
__Hsfr16                                    sfr16        00000
__Hsfr17                                    sfr17        00000
__Hsfr18                                    sfr18        00000
__Hsfr19                                    sfr19        00000
__Hsfr2                                     sfr2         00000
__Hsfr20                                    sfr20        00000
__Hsfr21                                    sfr21        00000
__Hsfr22                                    sfr22        00000
__Hsfr23                                    sfr23        00000
__Hsfr24                                    sfr24        00000
__Hsfr25                                    sfr25        00000
__Hsfr26                                    sfr26        00000
__Hsfr27                                    sfr27        00000
__Hsfr28                                    sfr28        00000
__Hsfr29                                    sfr29        00000
__Hsfr3                                     sfr3         00000
__Hsfr30                                    sfr30        00000
__Hsfr31                                    sfr31        00000
__Hsfr32                                    sfr32        00000
__Hsfr33                                    sfr33        00000
__Hsfr34                                    sfr34        00000
__Hsfr35                                    sfr35        00000
__Hsfr36                                    sfr36        00000
__Hsfr37                                    sfr37        00000
__Hsfr38                                    sfr38        00000
__Hsfr39                                    sfr39        00000
__Hsfr4                                     sfr4         00000
__Hsfr40                                    sfr40        00000
__Hsfr41                                    sfr41        00000
__Hsfr42                                    sfr42        00000
__Hsfr43                                    sfr43        00000
__Hsfr44                                    sfr44        00000
__Hsfr45                                    sfr45        00000
__Hsfr46                                    sfr46        00000
__Hsfr47                                    sfr47        00000
__Hsfr48                                    sfr48        00000
__Hsfr49                                    sfr49        00000
__Hsfr5                                     sfr5         00000
__Hsfr50                                    sfr50        00000
__Hsfr51                                    sfr51        00000
__Hsfr52                                    sfr52        00000
__Hsfr53                                    sfr53        00000
__Hsfr54                                    sfr54        00000
__Hsfr55                                    sfr55        00000
__Hsfr56                                    sfr56        00000
__Hsfr57                                    sfr57        00000
__Hsfr58                                    sfr58        00000
__Hsfr59                                    sfr59        00000
__Hsfr6                                     sfr6         00000
__Hsfr60                                    sfr60        00000
__Hsfr61                                    sfr61        00000
__Hsfr62                                    sfr62        00000
__Hsfr63                                    sfr63        00000
__Hsfr7                                     sfr7         00000
__Hsfr8                                     sfr8         00000
__Hsfr9                                     sfr9         00000
__Hsivt                                     sivt         00045
__Hspace_0                                  (abs)        00499
__Hspace_1                                  (abs)        000D1
__Hspace_2                                  (abs)        00000
__Hspace_3                                  (abs)        00000
__Hspace_4                                  (abs)        10013
__Hstack                                    stack        00000
__Hstrings                                  strings      00000
__Htext                                     text         00000
__L__absolute__                             __absolute__ 00000
__Labs1                                     abs1         00000
__Lbank0                                    bank0        00000
__Lbank1                                    bank1        00000
__Lbank10                                   bank10       00000
__Lbank11                                   bank11       00000
__Lbank12                                   bank12       00000
__Lbank13                                   bank13       00000
__Lbank14                                   bank14       00000
__Lbank15                                   bank15       00000
__Lbank16                                   bank16       00000
__Lbank17                                   bank17       00000
__Lbank18                                   bank18       00000
__Lbank19                                   bank19       00000
__Lbank2                                    bank2        00000
__Lbank20                                   bank20       00000
__Lbank21                                   bank21       00000
__Lbank22                                   bank22       00000
__Lbank23                                   bank23       00000
__Lbank24                                   bank24       00000
__Lbank25                                   bank25       00000
__Lbank26                                   bank26       00000
__Lbank27                                   bank27       00000
__Lbank28                                   bank28       00000
__Lbank29                                   bank29       00000
__Lbank3                                    bank3        00000
__Lbank30                                   bank30       00000
__Lbank31                                   bank31       00000
__Lbank32                                   bank32       00000
__Lbank33                                   bank33       00000
__Lbank34                                   bank34       00000
__Lbank35                                   bank35       00000
__Lbank36                                   bank36       00000
__Lbank37                                   bank37       00000
__Lbank38                                   bank38       00000
__Lbank39                                   bank39       00000
__Lbank4                                    bank4        00000
__Lbank40                                   bank40       00000
__Lbank41                                   bank41       00000
__Lbank42                                   bank42       00000
__Lbank43                                   bank43       00000
__Lbank44                                   bank44       00000
__Lbank45                                   bank45       00000
__Lbank46                                   bank46       00000
__Lbank47                                   bank47       00000
__Lbank48                                   bank48       00000
__Lbank49                                   bank49       00000
__Lbank5                                    bank5        00000
__Lbank50                                   bank50       00000
__Lbank51                                   bank51       00000
__Lbank52                                   bank52       00000
__Lbank53                                   bank53       00000
__Lbank54                                   bank54       00000
__Lbank55                                   bank55       00000
__Lbank56                                   bank56       00000
__Lbank57                                   bank57       00000
__Lbank58                                   bank58       00000
__Lbank59                                   bank59       00000
__Lbank6                                    bank6        00000
__Lbank60                                   bank60       00000
__Lbank61                                   bank61       00000
__Lbank62                                   bank62       00000
__Lbank63                                   bank63       00000
__Lbank7                                    bank7        00000
__Lbank8                                    bank8        00000
__Lbank9                                    bank9        00000
__Lbigram                                   bigram       00000
__LbssBANK0                                 bssBANK0     00000
__LbssCOMMON                                bssCOMMON    00000
__Lcinit                                    cinit        00047
__Lclrtext                                  clrtext      00000
__Lcode                                     code         00000
__Lcommon                                   common       00000
__Lconfig                                   config       00000
__LcstackBANK0                              cstackBANK0  00000
__LcstackBANK1                              cstackBANK1  00000
__LcstackCOMMON                             cstackCOMMON 00000
__Leeprom_data                              eeprom_data  00000
__Lend_init                                 end_init     00045
__Lfunctab                                  functab      00000
__Lheap                                     heap         00000
__Linit                                     init         00045
__Lintentry                                 intentry     00004
__Lmaintext                                 maintext     00000
__LnvBANK0                                  nvBANK0      00000
__Lpowerup                                  powerup      00000
__Lram                                      ram          00000
__Lreset_vec                                reset_vec    00000
__Lsfr0                                     sfr0         00000
__Lsfr1                                     sfr1         00000
__Lsfr10                                    sfr10        00000
__Lsfr11                                    sfr11        00000
__Lsfr12                                    sfr12        00000
__Lsfr13                                    sfr13        00000
__Lsfr14                                    sfr14        00000
__Lsfr15                                    sfr15        00000
__Lsfr16                                    sfr16        00000
__Lsfr17                                    sfr17        00000
__Lsfr18                                    sfr18        00000
__Lsfr19                                    sfr19        00000
__Lsfr2                                     sfr2         00000
__Lsfr20                                    sfr20        00000
__Lsfr21                                    sfr21        00000
__Lsfr22                                    sfr22        00000
__Lsfr23                                    sfr23        00000
__Lsfr24                                    sfr24        00000
__Lsfr25                                    sfr25        00000
__Lsfr26                                    sfr26        00000
__Lsfr27                                    sfr27        00000
__Lsfr28                                    sfr28        00000
__Lsfr29                                    sfr29        00000
__Lsfr3                                     sfr3         00000
__Lsfr30                                    sfr30        00000
__Lsfr31                                    sfr31        00000
__Lsfr32                                    sfr32        00000
__Lsfr33                                    sfr33        00000
__Lsfr34                                    sfr34        00000
__Lsfr35                                    sfr35        00000
__Lsfr36                                    sfr36        00000
__Lsfr37                                    sfr37        00000
__Lsfr38                                    sfr38        00000
__Lsfr39                                    sfr39        00000
__Lsfr4                                     sfr4         00000
__Lsfr40                                    sfr40        00000
__Lsfr41                                    sfr41        00000
__Lsfr42                                    sfr42        00000
__Lsfr43                                    sfr43        00000
__Lsfr44                                    sfr44        00000
__Lsfr45                                    sfr45        00000
__Lsfr46                                    sfr46        00000
__Lsfr47                                    sfr47        00000
__Lsfr48                                    sfr48        00000
__Lsfr49                                    sfr49        00000
__Lsfr5                                     sfr5         00000
__Lsfr50                                    sfr50        00000
__Lsfr51                                    sfr51        00000
__Lsfr52                                    sfr52        00000
__Lsfr53                                    sfr53        00000
__Lsfr54                                    sfr54        00000
__Lsfr55                                    sfr55        00000
__Lsfr56                                    sfr56        00000
__Lsfr57                                    sfr57        00000
__Lsfr58                                    sfr58        00000
__Lsfr59                                    sfr59        00000
__Lsfr6                                     sfr6         00000
__Lsfr60                                    sfr60        00000
__Lsfr61                                    sfr61        00000
__Lsfr62                                    sfr62        00000
__Lsfr63                                    sfr63        00000
__Lsfr7                                     sfr7         00000
__Lsfr8                                     sfr8         00000
__Lsfr9                                     sfr9         00000
__Lsivt                                     sivt         00045
__Lspace_0                                  (abs)        00000
__Lspace_1                                  (abs)        00000
__Lspace_2                                  (abs)        00000
__Lspace_3                                  (abs)        00000
__Lspace_4                                  (abs)        00000
__Lstack                                    stack        00000
__Lstrings                                  strings      00000
__Ltext                                     text         00000
__S0                                        (abs)        00499
__S1                                        (abs)        000D1
__S3                                        (abs)        00000
___heap_hi                                  (abs)        00000
___heap_lo                                  (abs)        00000
___int_sp                                   stack        00000
___int_stack_hi                             stack        00000
___int_stack_lo                             stack        00000
___latbits                                  (abs)        00003
___lodiv                                    text16       000F9
___lodiv@counter                            cstackBANK1  000B9
___lodiv@dividend                           cstackBANK1  000A8
___lodiv@divisor                            cstackBANK1  000A0
___lodiv@quotient                           cstackBANK1  000B1
___sp                                       stack        00000
___stack_hi                                 stack        00000
___stack_lo                                 stack        00000
___stackhi                                  (abs)        00000
___stacklo                                  (abs)        00000
___wmul                                     text13       00380
___wmul@multiplicand                        cstackBANK1  000A2
___wmul@multiplier                          cstackBANK1  000A0
___wmul@product                             cstackBANK1  000A4
__end_of_GetStatus                          text17       00497
__end_of_GoTo                               text12       000F9
__end_of_INTERRUPT_InterruptManager         intentry     00045
__end_of_IOCAF4_DefaultInterruptHandler     text27       00499
__end_of_IOCAF4_ISR                         text26       00447
__end_of_IOCAF4_SetInterruptHandler         text9        00483
__end_of_IOCAF5_DefaultInterruptHandler     text25       00498
__end_of_IOCAF5_ISR                         text24       00438
__end_of_IOCAF5_SetInterruptHandler         text8        0047A
__end_of_NCO1_Initialize                    text11       00455
__end_of_OSCILLATOR_Initialize              text10       0048C
__end_of_PIN_MANAGER_IOC                    text23       00429
__end_of_PIN_MANAGER_Initialize             text7        00350
__end_of_PMD_Initialize                     text6        0045F
__end_of_SYSTEM_Initialize                  text1        00418
__end_of_SetFrequency                       text15       0026E
__end_of_SetVelocity                        text14       003BD
__end_of_TMR2_ISR                           text22       00380
__end_of_TMR2_Initialize                    text4        00405
__end_of_TMR2_SetInterruptHandler           text5        00471
__end_of_TMR6_ISR                           text19       0031E
__end_of_TMR6_Initialize                    text2        003EF
__end_of_TMR6_SetInterruptHandler           text3        00468
__end_of___lodiv                            text16       0017B
__end_of___wmul                             text13       003A0
__end_of__initialization                    cinit        00051
__end_of_main                               maintext     003D8
__end_ofi1_SetFrequency                     text20       002DF
__end_ofi1___lodiv                          text21       001FD
__initialization                            cinit        00047
__pbssBANK0                                 bssBANK0     0003C
__pbssCOMMON                                bssCOMMON    0007C
__pcstackBANK0                              cstackBANK0  00020
__pcstackBANK1                              cstackBANK1  000A0
__pcstackCOMMON                             cstackCOMMON 00070
__pintentry                                 intentry     00004
__pmaintext                                 maintext     003BD
__pnvBANK0                                  nvBANK0      00051
__ptext1                                    text1        00405
__ptext10                                   text10       00483
__ptext11                                   text11       00447
__ptext12                                   text12       00055
__ptext13                                   text13       00380
__ptext14                                   text14       003A0
__ptext15                                   text15       001FD
__ptext16                                   text16       000F9
__ptext17                                   text17       00492
__ptext19                                   text19       002DF
__ptext2                                    text2        003D8
__ptext20                                   text20       0026E
__ptext21                                   text21       0017B
__ptext22                                   text22       00350
__ptext23                                   text23       00418
__ptext24                                   text24       00429
__ptext25                                   text25       00497
__ptext26                                   text26       00438
__ptext27                                   text27       00498
__ptext3                                    text3        0045F
__ptext4                                    text4        003EF
__ptext5                                    text5        00468
__ptext6                                    text6        00455
__ptext7                                    text7        0031E
__ptext8                                    text8        00471
__ptext9                                    text9        0047A
_main                                       maintext     003BD
_nco_current_freq                           bssBANK0     00040
_nco_ramp_target                            bssBANK0     0003C
btemp                                       (abs)        0007E
clear_ram0                                  clrtext      0048C
end_of_initialization                       cinit        00051
i1SetFrequency@freq                         cstackCOMMON 0007A
i1SetFrequency@inc                          cstackBANK0  00038
i1_SetFrequency                             text20       0026E
i1___lodiv                                  text21       0017B
i1___lodiv@counter                          cstackCOMMON 00079
i1___lodiv@dividend                         cstackBANK0  00028
i1___lodiv@divisor                          cstackBANK0  00020
i1___lodiv@quotient                         cstackCOMMON 00071
int$flags                                   (abs)        0007E
intlevel0                                   functab      00000
intlevel1                                   functab      00000
intlevel2                                   functab      00000
intlevel3                                   functab      00000
intlevel4                                   functab      00000
intlevel5                                   functab      00000
reset_vec                                   reset_vec    00000
start                                       init         00045
start_initialization                        cinit        00047
wtemp0                                      (abs)        0007E


MODULE INFORMATION

Module		Function		Class		Link	Load	Size
mcc_generated_files/tmr6.c
		_TMR6_ISR      		CODE           	02DF	0000	63
		_TMR6_Initialize		CODE           	03D8	0000	23
		_TMR6_SetInterruptHandler		CODE           	045F	0000	9

mcc_generated_files/tmr6.c estimated size: 95

C:\Program Files\Microchip\xc8\v2.50\pic\sources\c99\common\Umul16.c
		___wmul        		CODE           	0380	0000	32

C:\Program Files\Microchip\xc8\v2.50\pic\sources\c99\common\Umul16.c estimated size: 32

mcc_generated_files/tmr2.c
		_TMR2_ISR      		CODE           	0350	0000	48
		_TMR2_Initialize		CODE           	03EF	0000	22
		_TMR2_SetInterruptHandler		CODE           	0468	0000	9

mcc_generated_files/tmr2.c estimated size: 79

mcc_generated_files/interrupt_manager.c
		_INTERRUPT_InterruptManager		CODE           	0004	0000	65

mcc_generated_files/interrupt_manager.c estimated size: 65

mcc_generated_files/pin_manager.c
		_IOCAF5_SetInterruptHandler		CODE           	0471	0000	9
		_PIN_MANAGER_Initialize		CODE           	031E	0000	50
		_IOCAF4_DefaultInterruptHandler		CODE           	0498	0000	1
		_IOCAF4_ISR    		CODE           	0438	0000	15
		_IOCAF5_DefaultInterruptHandler		CODE           	0497	0000	1
		_IOCAF5_ISR    		CODE           	0429	0000	15
		_PIN_MANAGER_IOC		CODE           	0418	0000	17
		_IOCAF4_SetInterruptHandler		CODE           	047A	0000	9

mcc_generated_files/pin_manager.c estimated size: 117

mcc_generated_files/nco1.c
		_GetStatus     		CODE           	0492	0000	5
		_SetFrequency  		CODE           	01FD	0000	113
		_NCO1_Initialize		CODE           	0447	0000	14

mcc_generated_files/nco1.c estimated size: 132

C:\Program Files\Microchip\xc8\v2.50\pic\sources\c99\common\lodiv.c
		___lodiv       		CODE           	00F9	0000	130

C:\Program Files\Microchip\xc8\v2.50\pic\sources\c99\common\lodiv.c estimated size: 130

shared
		__initialization		CODE           	0047	0000	10
		i1___lodiv     		CODE           	017B	0000	130
		i1_SetFrequency		CODE           	026E	0000	113

shared estimated size: 253

mcc_generated_files/mcc.c
		_PMD_Initialize		CODE           	0455	0000	10
		_OSCILLATOR_Initialize		CODE           	0483	0000	9
		_SYSTEM_Initialize		CODE           	0405	0000	19

mcc_generated_files/mcc.c estimated size: 38

main.c
		_main          		CODE           	03BD	0000	27
		_GoTo          		CODE           	0055	0000	164
		_SetVelocity   		CODE           	03A0	0000	29

main.c estimated size: 220

